Archive member included because of file (symbol)

c:/program files (x86)/atmel/atmel toolchain/avr8 gcc/native/3.4.1061/avr8-gnu-toolchain/bin/../lib/gcc/avr/4.8.1/avrxmega5\libgcc.a(_exit.o)
                              c:/program files (x86)/atmel/atmel toolchain/avr8 gcc/native/3.4.1061/avr8-gnu-toolchain/bin/../lib/gcc/avr/4.8.1/../../../../avr/lib/avrxmega5/crtx64a1u.o (exit)
c:/program files (x86)/atmel/atmel toolchain/avr8 gcc/native/3.4.1061/avr8-gnu-toolchain/bin/../lib/gcc/avr/4.8.1/avrxmega5\libgcc.a(_copy_data.o)
                              LEDcube.o (__do_copy_data)
c:/program files (x86)/atmel/atmel toolchain/avr8 gcc/native/3.4.1061/avr8-gnu-toolchain/bin/../lib/gcc/avr/4.8.1/avrxmega5\libgcc.a(_clear_bss.o)
                              LEDcube.o (__do_clear_bss)

Allocating common symbols
Common symbol       size              file

SPIEcounter         0x1               LEDcube.o
SPIDcounter         0x1               LEDcube.o

Discarded input sections

 .data          0x00000000        0x0 c:/program files (x86)/atmel/atmel toolchain/avr8 gcc/native/3.4.1061/avr8-gnu-toolchain/bin/../lib/gcc/avr/4.8.1/../../../../avr/lib/avrxmega5/crtx64a1u.o
 .bss           0x00000000        0x0 c:/program files (x86)/atmel/atmel toolchain/avr8 gcc/native/3.4.1061/avr8-gnu-toolchain/bin/../lib/gcc/avr/4.8.1/../../../../avr/lib/avrxmega5/crtx64a1u.o
 .text          0x00000000        0x0 LEDcube.o
 .data          0x00000000        0x0 LEDcube.o
 .bss           0x00000000        0x0 LEDcube.o
 .text.LEDgain  0x00000000      0x174 LEDcube.o
 .text.layerwrite
                0x00000000       0x7e LEDcube.o
 .text.symblayer
                0x00000000        0x2 LEDcube.o
 .text.simplechar
                0x00000000       0x30 LEDcube.o
 .text.cubewrite
                0x00000000       0xf2 LEDcube.o
 .bss.sentCounterE
                0x00000000        0x1 LEDcube.o
 .bss.sentCounterD
                0x00000000        0x1 LEDcube.o
 .bss.muxParam  0x00000000        0x1 LEDcube.o
 .bss.bob       0x00000000        0x1 LEDcube.o
 .text          0x00000000        0x0 c:/program files (x86)/atmel/atmel toolchain/avr8 gcc/native/3.4.1061/avr8-gnu-toolchain/bin/../lib/gcc/avr/4.8.1/avrxmega5\libgcc.a(_exit.o)
 .data          0x00000000        0x0 c:/program files (x86)/atmel/atmel toolchain/avr8 gcc/native/3.4.1061/avr8-gnu-toolchain/bin/../lib/gcc/avr/4.8.1/avrxmega5\libgcc.a(_exit.o)
 .bss           0x00000000        0x0 c:/program files (x86)/atmel/atmel toolchain/avr8 gcc/native/3.4.1061/avr8-gnu-toolchain/bin/../lib/gcc/avr/4.8.1/avrxmega5\libgcc.a(_exit.o)
 .text.libgcc.mul
                0x00000000        0x0 c:/program files (x86)/atmel/atmel toolchain/avr8 gcc/native/3.4.1061/avr8-gnu-toolchain/bin/../lib/gcc/avr/4.8.1/avrxmega5\libgcc.a(_exit.o)
 .text.libgcc.div
                0x00000000        0x0 c:/program files (x86)/atmel/atmel toolchain/avr8 gcc/native/3.4.1061/avr8-gnu-toolchain/bin/../lib/gcc/avr/4.8.1/avrxmega5\libgcc.a(_exit.o)
 .text.libgcc   0x00000000        0x0 c:/program files (x86)/atmel/atmel toolchain/avr8 gcc/native/3.4.1061/avr8-gnu-toolchain/bin/../lib/gcc/avr/4.8.1/avrxmega5\libgcc.a(_exit.o)
 .text.libgcc.prologue
                0x00000000        0x0 c:/program files (x86)/atmel/atmel toolchain/avr8 gcc/native/3.4.1061/avr8-gnu-toolchain/bin/../lib/gcc/avr/4.8.1/avrxmega5\libgcc.a(_exit.o)
 .text.libgcc.builtins
                0x00000000        0x0 c:/program files (x86)/atmel/atmel toolchain/avr8 gcc/native/3.4.1061/avr8-gnu-toolchain/bin/../lib/gcc/avr/4.8.1/avrxmega5\libgcc.a(_exit.o)
 .text.libgcc.fmul
                0x00000000        0x0 c:/program files (x86)/atmel/atmel toolchain/avr8 gcc/native/3.4.1061/avr8-gnu-toolchain/bin/../lib/gcc/avr/4.8.1/avrxmega5\libgcc.a(_exit.o)
 .text.libgcc.fixed
                0x00000000        0x0 c:/program files (x86)/atmel/atmel toolchain/avr8 gcc/native/3.4.1061/avr8-gnu-toolchain/bin/../lib/gcc/avr/4.8.1/avrxmega5\libgcc.a(_exit.o)
 .text          0x00000000        0x0 c:/program files (x86)/atmel/atmel toolchain/avr8 gcc/native/3.4.1061/avr8-gnu-toolchain/bin/../lib/gcc/avr/4.8.1/avrxmega5\libgcc.a(_copy_data.o)
 .data          0x00000000        0x0 c:/program files (x86)/atmel/atmel toolchain/avr8 gcc/native/3.4.1061/avr8-gnu-toolchain/bin/../lib/gcc/avr/4.8.1/avrxmega5\libgcc.a(_copy_data.o)
 .bss           0x00000000        0x0 c:/program files (x86)/atmel/atmel toolchain/avr8 gcc/native/3.4.1061/avr8-gnu-toolchain/bin/../lib/gcc/avr/4.8.1/avrxmega5\libgcc.a(_copy_data.o)
 .text.libgcc.mul
                0x00000000        0x0 c:/program files (x86)/atmel/atmel toolchain/avr8 gcc/native/3.4.1061/avr8-gnu-toolchain/bin/../lib/gcc/avr/4.8.1/avrxmega5\libgcc.a(_copy_data.o)
 .text.libgcc.div
                0x00000000        0x0 c:/program files (x86)/atmel/atmel toolchain/avr8 gcc/native/3.4.1061/avr8-gnu-toolchain/bin/../lib/gcc/avr/4.8.1/avrxmega5\libgcc.a(_copy_data.o)
 .text.libgcc   0x00000000        0x0 c:/program files (x86)/atmel/atmel toolchain/avr8 gcc/native/3.4.1061/avr8-gnu-toolchain/bin/../lib/gcc/avr/4.8.1/avrxmega5\libgcc.a(_copy_data.o)
 .text.libgcc.prologue
                0x00000000        0x0 c:/program files (x86)/atmel/atmel toolchain/avr8 gcc/native/3.4.1061/avr8-gnu-toolchain/bin/../lib/gcc/avr/4.8.1/avrxmega5\libgcc.a(_copy_data.o)
 .text.libgcc.builtins
                0x00000000        0x0 c:/program files (x86)/atmel/atmel toolchain/avr8 gcc/native/3.4.1061/avr8-gnu-toolchain/bin/../lib/gcc/avr/4.8.1/avrxmega5\libgcc.a(_copy_data.o)
 .text.libgcc.fmul
                0x00000000        0x0 c:/program files (x86)/atmel/atmel toolchain/avr8 gcc/native/3.4.1061/avr8-gnu-toolchain/bin/../lib/gcc/avr/4.8.1/avrxmega5\libgcc.a(_copy_data.o)
 .text.libgcc.fixed
                0x00000000        0x0 c:/program files (x86)/atmel/atmel toolchain/avr8 gcc/native/3.4.1061/avr8-gnu-toolchain/bin/../lib/gcc/avr/4.8.1/avrxmega5\libgcc.a(_copy_data.o)
 .text          0x00000000        0x0 c:/program files (x86)/atmel/atmel toolchain/avr8 gcc/native/3.4.1061/avr8-gnu-toolchain/bin/../lib/gcc/avr/4.8.1/avrxmega5\libgcc.a(_clear_bss.o)
 .data          0x00000000        0x0 c:/program files (x86)/atmel/atmel toolchain/avr8 gcc/native/3.4.1061/avr8-gnu-toolchain/bin/../lib/gcc/avr/4.8.1/avrxmega5\libgcc.a(_clear_bss.o)
 .bss           0x00000000        0x0 c:/program files (x86)/atmel/atmel toolchain/avr8 gcc/native/3.4.1061/avr8-gnu-toolchain/bin/../lib/gcc/avr/4.8.1/avrxmega5\libgcc.a(_clear_bss.o)
 .text.libgcc.mul
                0x00000000        0x0 c:/program files (x86)/atmel/atmel toolchain/avr8 gcc/native/3.4.1061/avr8-gnu-toolchain/bin/../lib/gcc/avr/4.8.1/avrxmega5\libgcc.a(_clear_bss.o)
 .text.libgcc.div
                0x00000000        0x0 c:/program files (x86)/atmel/atmel toolchain/avr8 gcc/native/3.4.1061/avr8-gnu-toolchain/bin/../lib/gcc/avr/4.8.1/avrxmega5\libgcc.a(_clear_bss.o)
 .text.libgcc   0x00000000        0x0 c:/program files (x86)/atmel/atmel toolchain/avr8 gcc/native/3.4.1061/avr8-gnu-toolchain/bin/../lib/gcc/avr/4.8.1/avrxmega5\libgcc.a(_clear_bss.o)
 .text.libgcc.prologue
                0x00000000        0x0 c:/program files (x86)/atmel/atmel toolchain/avr8 gcc/native/3.4.1061/avr8-gnu-toolchain/bin/../lib/gcc/avr/4.8.1/avrxmega5\libgcc.a(_clear_bss.o)
 .text.libgcc.builtins
                0x00000000        0x0 c:/program files (x86)/atmel/atmel toolchain/avr8 gcc/native/3.4.1061/avr8-gnu-toolchain/bin/../lib/gcc/avr/4.8.1/avrxmega5\libgcc.a(_clear_bss.o)
 .text.libgcc.fmul
                0x00000000        0x0 c:/program files (x86)/atmel/atmel toolchain/avr8 gcc/native/3.4.1061/avr8-gnu-toolchain/bin/../lib/gcc/avr/4.8.1/avrxmega5\libgcc.a(_clear_bss.o)
 .text.libgcc.fixed
                0x00000000        0x0 c:/program files (x86)/atmel/atmel toolchain/avr8 gcc/native/3.4.1061/avr8-gnu-toolchain/bin/../lib/gcc/avr/4.8.1/avrxmega5\libgcc.a(_clear_bss.o)

Memory Configuration

Name             Origin             Length             Attributes
text             0x00000000         0x00100000         xr
data             0x00802000         0x0000ffa0         rw !x
eeprom           0x00810000         0x00010000         rw !x
fuse             0x00820000         0x00000400         rw !x
lock             0x00830000         0x00000400         rw !x
signature        0x00840000         0x00000400         rw !x
user_signatures  0x00850000         0x00000400         rw !x
*default*        0x00000000         0xffffffff

Linker script and memory map

LOAD c:/program files (x86)/atmel/atmel toolchain/avr8 gcc/native/3.4.1061/avr8-gnu-toolchain/bin/../lib/gcc/avr/4.8.1/../../../../avr/lib/avrxmega5/crtx64a1u.o
LOAD LEDcube.o
START GROUP
LOAD c:/program files (x86)/atmel/atmel toolchain/avr8 gcc/native/3.4.1061/avr8-gnu-toolchain/bin/../lib/gcc/avr/4.8.1/../../../../avr/lib/avrxmega5\libm.a
END GROUP
START GROUP
LOAD c:/program files (x86)/atmel/atmel toolchain/avr8 gcc/native/3.4.1061/avr8-gnu-toolchain/bin/../lib/gcc/avr/4.8.1/avrxmega5\libgcc.a
LOAD c:/program files (x86)/atmel/atmel toolchain/avr8 gcc/native/3.4.1061/avr8-gnu-toolchain/bin/../lib/gcc/avr/4.8.1/../../../../avr/lib/avrxmega5\libm.a
LOAD c:/program files (x86)/atmel/atmel toolchain/avr8 gcc/native/3.4.1061/avr8-gnu-toolchain/bin/../lib/gcc/avr/4.8.1/../../../../avr/lib/avrxmega5\libc.a
END GROUP

.hash
 *(.hash)

.dynsym
 *(.dynsym)

.dynstr
 *(.dynstr)

.gnu.version
 *(.gnu.version)

.gnu.version_d
 *(.gnu.version_d)

.gnu.version_r
 *(.gnu.version_r)

.rel.init
 *(.rel.init)

.rela.init
 *(.rela.init)

.rel.text
 *(.rel.text)
 *(.rel.text.*)
 *(.rel.gnu.linkonce.t*)

.rela.text
 *(.rela.text)
 *(.rela.text.*)
 *(.rela.gnu.linkonce.t*)

.rel.fini
 *(.rel.fini)

.rela.fini
 *(.rela.fini)

.rel.rodata
 *(.rel.rodata)
 *(.rel.rodata.*)
 *(.rel.gnu.linkonce.r*)

.rela.rodata
 *(.rela.rodata)
 *(.rela.rodata.*)
 *(.rela.gnu.linkonce.r*)

.rel.data
 *(.rel.data)
 *(.rel.data.*)
 *(.rel.gnu.linkonce.d*)

.rela.data
 *(.rela.data)
 *(.rela.data.*)
 *(.rela.gnu.linkonce.d*)

.rel.ctors
 *(.rel.ctors)

.rela.ctors
 *(.rela.ctors)

.rel.dtors
 *(.rel.dtors)

.rela.dtors
 *(.rela.dtors)

.rel.got
 *(.rel.got)

.rela.got
 *(.rela.got)

.rel.bss
 *(.rel.bss)

.rela.bss
 *(.rela.bss)

.rel.plt
 *(.rel.plt)

.rela.plt
 *(.rela.plt)

.text           0x00000000      0x6c4
 *(.vectors)
 .vectors       0x00000000      0x1fc c:/program files (x86)/atmel/atmel toolchain/avr8 gcc/native/3.4.1061/avr8-gnu-toolchain/bin/../lib/gcc/avr/4.8.1/../../../../avr/lib/avrxmega5/crtx64a1u.o
                0x00000000                __vector_default
                0x00000000                __vectors
 *(.vectors)
 *(.progmem.gcc*)
                0x000001fc                . = ALIGN (0x2)
                0x000001fc                __trampolines_start = .
 *(.trampolines)
 .trampolines   0x000001fc        0x0 linker stubs
 *(.trampolines*)
                0x000001fc                __trampolines_end = .
 *(.progmem*)
                0x000001fc                . = ALIGN (0x2)
 *(.jumptables)
 *(.jumptables*)
 *(.lowtext)
 *(.lowtext*)
                0x000001fc                __ctors_start = .
 *(.ctors)
                0x000001fc                __ctors_end = .
                0x000001fc                __dtors_start = .
 *(.dtors)
                0x000001fc                __dtors_end = .
 SORT(*)(.ctors)
 SORT(*)(.dtors)
 *(.init0)
 .init0         0x000001fc        0x0 c:/program files (x86)/atmel/atmel toolchain/avr8 gcc/native/3.4.1061/avr8-gnu-toolchain/bin/../lib/gcc/avr/4.8.1/../../../../avr/lib/avrxmega5/crtx64a1u.o
                0x000001fc                __init
 *(.init0)
 *(.init1)
 *(.init1)
 *(.init2)
 .init2         0x000001fc       0x14 c:/program files (x86)/atmel/atmel toolchain/avr8 gcc/native/3.4.1061/avr8-gnu-toolchain/bin/../lib/gcc/avr/4.8.1/../../../../avr/lib/avrxmega5/crtx64a1u.o
 *(.init2)
 *(.init3)
 *(.init3)
 *(.init4)
 .init4         0x00000210       0x1c c:/program files (x86)/atmel/atmel toolchain/avr8 gcc/native/3.4.1061/avr8-gnu-toolchain/bin/../lib/gcc/avr/4.8.1/avrxmega5\libgcc.a(_copy_data.o)
                0x00000210                __do_copy_data
 .init4         0x0000022c       0x10 c:/program files (x86)/atmel/atmel toolchain/avr8 gcc/native/3.4.1061/avr8-gnu-toolchain/bin/../lib/gcc/avr/4.8.1/avrxmega5\libgcc.a(_clear_bss.o)
                0x0000022c                __do_clear_bss
 *(.init4)
 *(.init5)
 *(.init5)
 *(.init6)
 *(.init6)
 *(.init7)
 *(.init7)
 *(.init8)
 *(.init8)
 *(.init9)
 .init9         0x0000023c        0x8 c:/program files (x86)/atmel/atmel toolchain/avr8 gcc/native/3.4.1061/avr8-gnu-toolchain/bin/../lib/gcc/avr/4.8.1/../../../../avr/lib/avrxmega5/crtx64a1u.o
 *(.init9)
 *(.text)
 .text          0x00000244        0x4 c:/program files (x86)/atmel/atmel toolchain/avr8 gcc/native/3.4.1061/avr8-gnu-toolchain/bin/../lib/gcc/avr/4.8.1/../../../../avr/lib/avrxmega5/crtx64a1u.o
                0x00000244                __vector_38
                0x00000244                __vector_104
                0x00000244                __vector_22
                0x00000244                __vector_63
                0x00000244                __vector_28
                0x00000244                __vector_67
                0x00000244                __vector_1
                0x00000244                __vector_119
                0x00000244                __vector_32
                0x00000244                __vector_75
                0x00000244                __vector_71
                0x00000244                __vector_91
                0x00000244                __vector_34
                0x00000244                __vector_62
                0x00000244                __vector_77
                0x00000244                __vector_102
                0x00000244                __vector_24
                0x00000244                __vector_12
                0x00000244                __vector_55
                0x00000244                __vector_69
                0x00000244                __vector_81
                0x00000244                __vector_90
                0x00000244                __vector_46
                0x00000244                __bad_interrupt
                0x00000244                __vector_122
                0x00000244                __vector_72
                0x00000244                __vector_114
                0x00000244                __vector_6
                0x00000244                __vector_110
                0x00000244                __vector_31
                0x00000244                __vector_92
                0x00000244                __vector_35
                0x00000244                __vector_78
                0x00000244                __vector_74
                0x00000244                __vector_117
                0x00000244                __vector_39
                0x00000244                __vector_107
                0x00000244                __vector_3
                0x00000244                __vector_105
                0x00000244                __vector_98
                0x00000244                __vector_23
                0x00000244                __vector_68
                0x00000244                __vector_30
                0x00000244                __vector_73
                0x00000244                __vector_45
                0x00000244                __vector_25
                0x00000244                __vector_93
                0x00000244                __vector_61
                0x00000244                __vector_11
                0x00000244                __vector_54
                0x00000244                __vector_99
                0x00000244                __vector_13
                0x00000244                __vector_17
                0x00000244                __vector_19
                0x00000244                __vector_56
                0x00000244                __vector_7
                0x00000244                __vector_125
                0x00000244                __vector_49
                0x00000244                __vector_123
                0x00000244                __vector_41
                0x00000244                __vector_86
                0x00000244                __vector_100
                0x00000244                __vector_101
                0x00000244                __vector_64
                0x00000244                __vector_88
                0x00000244                __vector_109
                0x00000244                __vector_43
                0x00000244                __vector_27
                0x00000244                __vector_5
                0x00000244                __vector_113
                0x00000244                __vector_33
                0x00000244                __vector_76
                0x00000244                __vector_115
                0x00000244                __vector_47
                0x00000244                __vector_52
                0x00000244                __vector_37
                0x00000244                __vector_95
                0x00000244                __vector_103
                0x00000244                __vector_96
                0x00000244                __vector_89
                0x00000244                __vector_108
                0x00000244                __vector_4
                0x00000244                __vector_44
                0x00000244                __vector_82
                0x00000244                __vector_106
                0x00000244                __vector_118
                0x00000244                __vector_51
                0x00000244                __vector_9
                0x00000244                __vector_2
                0x00000244                __vector_21
                0x00000244                __vector_15
                0x00000244                __vector_66
                0x00000244                __vector_36
                0x00000244                __vector_79
                0x00000244                __vector_58
                0x00000244                __vector_70
                0x00000244                __vector_83
                0x00000244                __vector_29
                0x00000244                __vector_60
                0x00000244                __vector_121
                0x00000244                __vector_40
                0x00000244                __vector_85
                0x00000244                __vector_94
                0x00000244                __vector_126
                0x00000244                __vector_8
                0x00000244                __vector_26
                0x00000244                __vector_48
                0x00000244                __vector_124
                0x00000244                __vector_116
                0x00000244                __vector_112
                0x00000244                __vector_111
                0x00000244                __vector_80
                0x00000244                __vector_14
                0x00000244                __vector_84
                0x00000244                __vector_53
                0x00000244                __vector_10
                0x00000244                __vector_50
                0x00000244                __vector_16
                0x00000244                __vector_59
                0x00000244                __vector_18
                0x00000244                __vector_97
                0x00000244                __vector_20
                0x00000244                __vector_42
                0x00000244                __vector_65
                0x00000244                __vector_120
                0x00000248                . = ALIGN (0x2)
 *(.text.*)
 .text.clk_init
                0x00000248       0x3a LEDcube.o
                0x00000248                clk_init
 .text.SPI_init
                0x00000282       0x30 LEDcube.o
                0x00000282                SPI_init
 .text.IO_init  0x000002b2       0x4c LEDcube.o
                0x000002b2                IO_init
 .text._init    0x000002fe       0x16 LEDcube.o
                0x000002fe                _init
 .text.setall   0x00000314       0x30 LEDcube.o
                0x00000314                setall
 .text.LEDsend  0x00000344       0x6c LEDcube.o
                0x00000344                LEDsend
 .text.__vector_87
                0x000003b0       0xb4 LEDcube.o
                0x000003b0                __vector_87
 .text.__vector_57
                0x00000464       0xa0 LEDcube.o
                0x00000464                __vector_57
 .text.main     0x00000504      0x1bc LEDcube.o
                0x00000504                main
                0x000006c0                . = ALIGN (0x2)
 *(.fini9)
 .fini9         0x000006c0        0x0 c:/program files (x86)/atmel/atmel toolchain/avr8 gcc/native/3.4.1061/avr8-gnu-toolchain/bin/../lib/gcc/avr/4.8.1/avrxmega5\libgcc.a(_exit.o)
                0x000006c0                _exit
                0x000006c0                exit
 *(.fini9)
 *(.fini8)
 *(.fini8)
 *(.fini7)
 *(.fini7)
 *(.fini6)
 *(.fini6)
 *(.fini5)
 *(.fini5)
 *(.fini4)
 *(.fini4)
 *(.fini3)
 *(.fini3)
 *(.fini2)
 *(.fini2)
 *(.fini1)
 *(.fini1)
 *(.fini0)
 .fini0         0x000006c0        0x4 c:/program files (x86)/atmel/atmel toolchain/avr8 gcc/native/3.4.1061/avr8-gnu-toolchain/bin/../lib/gcc/avr/4.8.1/avrxmega5\libgcc.a(_exit.o)
 *(.fini0)
                0x000006c4                _etext = .

.data           0x00802000       0x28 load address 0x000006c4
                0x00802000                PROVIDE (__data_start, .)
 *(.data)
 *(.data*)
 .data.nums     0x00802000        0x8 LEDcube.o
                0x00802000                nums
 .data.layers   0x00802008        0x8 LEDcube.o
                0x00802008                layers
 .data.SPIEout  0x00802010        0xc LEDcube.o
                0x00802010                SPIEout
 .data.SPIDout  0x0080201c        0xc LEDcube.o
                0x0080201c                SPIDout
 *(.rodata)
 *(.rodata*)
 *(.gnu.linkonce.d*)
                0x00802028                . = ALIGN (0x2)
                0x00802028                _edata = .
                0x00802028                PROVIDE (__data_end, .)

.bss            0x00802028        0x7
                0x00802028                PROVIDE (__bss_start, .)
 *(.bss)
 *(.bss*)
 .bss.layer     0x00802028        0x1 LEDcube.o
                0x00802028                layer
 .bss.fastcount
                0x00802029        0x1 LEDcube.o
                0x00802029                fastcount
 .bss.slowcount
                0x0080202a        0x1 LEDcube.o
                0x0080202a                slowcount
 .bss.Etransmitting
                0x0080202b        0x1 LEDcube.o
                0x0080202b                Etransmitting
 .bss.Dtransmitting
                0x0080202c        0x1 LEDcube.o
                0x0080202c                Dtransmitting
 *(COMMON)
 COMMON         0x0080202d        0x2 LEDcube.o
                0x0080202d                SPIEcounter
                0x0080202e                SPIDcounter
                0x0080202f                PROVIDE (__bss_end, .)
                0x000006c4                __data_load_start = LOADADDR (.data)
                0x000006ec                __data_load_end = (__data_load_start + SIZEOF (.data))

.noinit         0x0080202f        0x0
                0x0080202f                PROVIDE (__noinit_start, .)
 *(.noinit*)
                0x0080202f                PROVIDE (__noinit_end, .)
                0x0080202f                _end = .
                0x0080202f                PROVIDE (__heap_start, .)

.eeprom         0x00810000        0x0
 *(.eeprom*)
                0x00810000                __eeprom_end = .

.fuse
 *(.fuse)
 *(.lfuse)
 *(.hfuse)
 *(.efuse)

.lock
 *(.lock*)

.signature
 *(.signature*)

.user_signatures
 *(.user_signatures*)

.stab
 *(.stab)

.stabstr
 *(.stabstr)

.stab.excl
 *(.stab.excl)

.stab.exclstr
 *(.stab.exclstr)

.stab.index
 *(.stab.index)

.stab.indexstr
 *(.stab.indexstr)

.comment        0x00000000       0x30
 *(.comment)
 .comment       0x00000000       0x30 LEDcube.o
                                 0x31 (size before relaxing)

.note.gnu.build-id
 *(.note.gnu.build-id)

.debug
 *(.debug)

.line
 *(.line)

.debug_srcinfo
 *(.debug_srcinfo)

.debug_sfnames
 *(.debug_sfnames)

.debug_aranges  0x00000000       0x88
 *(.debug_aranges)
 .debug_aranges
                0x00000000       0x88 LEDcube.o

.debug_pubnames
 *(.debug_pubnames)

.debug_info     0x00000000     0x183d
 *(.debug_info .gnu.linkonce.wi.*)
 .debug_info    0x00000000     0x183d LEDcube.o

.debug_abbrev   0x00000000      0x280
 *(.debug_abbrev)
 .debug_abbrev  0x00000000      0x280 LEDcube.o

.debug_line     0x00000000      0x56d
 *(.debug_line .debug_line.* .debug_line_end)
 .debug_line    0x00000000      0x56d LEDcube.o

.debug_frame    0x00000000      0x174
 *(.debug_frame)
 .debug_frame   0x00000000      0x174 LEDcube.o

.debug_str      0x00000000      0x2d1
 *(.debug_str)
 .debug_str     0x00000000      0x2d1 LEDcube.o
                                0x31b (size before relaxing)

.debug_loc      0x00000000      0x40e
 *(.debug_loc)
 .debug_loc     0x00000000      0x40e LEDcube.o

.debug_macinfo
 *(.debug_macinfo)

.debug_weaknames
 *(.debug_weaknames)

.debug_funcnames
 *(.debug_funcnames)

.debug_typenames
 *(.debug_typenames)

.debug_varnames
 *(.debug_varnames)

.debug_pubtypes
 *(.debug_pubtypes)

.debug_ranges   0x00000000       0x78
 *(.debug_ranges)
 .debug_ranges  0x00000000       0x78 LEDcube.o

.debug_macro
 *(.debug_macro)
OUTPUT(LEDcube.elf elf32-avr)
LOAD linker stubs
